     1                                  bits 32 ; assembling for the 32 bits architecture
     2                                  
     3                                  ; declare the EntryPoint (a label defining the very first instruction of the program)
     4                                  global start        
     5                                  
     6                                  ; declare external functions needed by our program
     7                                  extern exit               ; tell nasm that exit exists even if we won't be defining it
     8                                  import exit msvcrt.dll    ; exit is a function that ends the calling process. It is defined in msvcrt.dll
     9                                                            ; msvcrt.dll contains exit, printf and all the other important C-runtime specific functions
    10                                  
    11                                  ; our data is declared here (the variables needed by our program)
    12                                  segment data use32 class=data
    13                                      ; ...
    14 00000000 0F                          a db 15
    15 00000001 02                          b db 2
    16 00000002 04                          c db 4
    17 00000003 03                          d db 3
    18                                  
    19                                  ; our code starts here
    20                                  segment code use32 class=code
    21                                      start:
    22                                          ; ...
    23 00000000 A0[00000000]                    mov al,[a]
    24 00000005 B400                            mov ah,0
    25 00000007 660305[00000000]                add ax, [a]
    26 0000000E 662B05[02000000]                sub ax,[c]
    27 00000015 8A1D[01000000]                  mov bl,[b]
    28 0000001B B700                            mov bh,0
    29 0000001D 66031D[01000000]                add bx,[b]
    30 00000024 66031D[01000000]                add bx,[b]
    31 0000002B 66031D[03000000]                add bx,[d]
    32 00000032 6629D8                          sub ax,bx
    33                                          ; exit(0)
    34 00000035 6A00                            push    dword 0      ; push the parameter for exit onto the stack
    35 00000037 FF15[00000000]                  call    [exit]       ; call exit to terminate the program
