     1                                  bits 32 
     2                                  
     3                                  global start        
     4                                  
     5                                  extern exit              
     6                                  import exit msvcrt.dll    
     7                                  
     8                                  ;Se da un sir S de dublucuvinte
     9                                  segment data use32 class=data
    10 00000000 07563412153C2B1A           s DD 12345607h, 1A2B3C15h
    11                                     l equ $-s
    12 00000008 00<rept>                   d times l db 0
    13                                     ;d DB 56h, 3Ch, 34h, 2Bh, 1Ah, 15h, 12h, 07h
    14                                  
    15                                  ;15.Sa se obtina sirul D format din octetii dublucuvintelor din sirul D sortati in ordine descrescatoare in interpretarea fara semn
    16                                  segment code use32 class=code
    17                                      start:
    18 00000000 B908000000                      mov ecx,l
    19 00000005 E340                            jecxz Final
    20 00000007 FC                              cld
    21 00000008 BE[00000000]                    mov esi,s
    22 0000000D BF[08000000]                    mov edi,d
    23 00000012 F3A4                            Rep movsb  
    24 00000014 B908000000                      mov ecx,l
    25 00000019 49                              dec ecx
    26 0000001A BE00000000                      mov esi,0    
    27                                          Repetam:
    28 0000001F 89F7                              mov edi,esi
    29 00000021 47                                inc edi
    30                                            Repetam2:  
    31 00000022 8A86[08000000]                    mov al,[d+esi]
    32 00000028 8A97[08000000]                    mov dl,[d+edi]
    33 0000002E 38D0                              cmp al,dl
    34 00000030 730C                              jae Continuam
    35 00000032 8896[08000000]                    mov [d+esi],dl
    36 00000038 8887[08000000]                    mov [d+edi],al 
    37                                            Continuam:
    38 0000003E 47                                inc edi
    39 0000003F 83FF08                            cmp edi,l
    40 00000042 75DE                              jne Repetam2
    41 00000044 46                                inc esi
    42 00000045 E2D8                              loop Repetam
    43                                            
    44                                          Final:
    45                                          ; exit(0)
    46 00000047 6A00                            push    dword 0      ; push the parameter for exit onto the stack
    47 00000049 FF15[00000000]                  call    [exit]       ; call exit to terminate the program
