     1                                  bits 32 
     2                                  
     3                                  
     4                                  global start        
     5                                  
     6                                  
     7                                  extern exit               
     8                                  import exit msvcrt.dll    
     9                                  
    10                                  
    11                                  segment data use32 class=data
    12 00000000 6400                        a dw 100
    13 00000002 C8000000                    b dd 200
    14 00000006 2C01000000000000            c dq 300
    15                                  
    16                                  ; Calculati valoarea expresiei: c/b+a
    17                                  segment code use32 class=code
    18                                      start:
    19                                          ;calculam c/b
    20 00000000 A1[06000000]                    mov eax,dword [c]
    21 00000005 8B15[0A000000]                  mov edx, dword [c+4]
    22 0000000B 8B1D[02000000]                  mov ebx,[b]
    23 00000011 F7F3                            div ebx
    24                                          
    25                                          ;calculam c/b+a
    26 00000013 668B0D[00000000]                mov cx,[a]
    27 0000001A 66BB0000                        mov bx,0
    28 0000001E 6653                            push bx
    29 00000020 6651                            push cx
    30 00000022 59                              pop ecx
    31 00000023 01C8                            add eax,ecx
    32                                          ; exit(0)
    33 00000025 6A00                            push    dword 0      ; push the parameter for exit onto the stack
    34 00000027 FF15[00000000]                  call    [exit]       ; call exit to terminate the program
